// Jest Snapshot v1, https://goo.gl/fbAQLP

exports[`Renders the Button component 1`] = `
<View
  accessibilityRole="button"
  accessibilityState={Object {}}
  accessible={true}
  focusable={false}
  onClick={[Function]}
  onResponderGrant={[Function]}
  onResponderMove={[Function]}
  onResponderRelease={[Function]}
  onResponderTerminate={[Function]}
  onResponderTerminationRequest={[Function]}
  onStartShouldSetResponder={[Function]}
  style={
    Object {
      "opacity": 1,
    }
  }
>
  <View
    style={
      Array [
        Object {},
      ]
    }
  >
    <Text
      style={
        Array [
          Object {
            "color": "#007AFF",
            "fontSize": 18,
            "margin": 8,
            "textAlign": "center",
          },
        ]
      }
    >
      Hello
    </Text>
  </View>
</View>
`;

exports[`Renders the FlatList component 1`] = `
<RCTScrollView
  data={
    Array [
      "Sweatshirt1",
      "Sweatshirt2",
      "Sweatshirt3",
    ]
  }
  disableVirtualization={false}
  getItem={[Function]}
  getItemCount={[Function]}
  horizontal={false}
  initialNumToRender={10}
  keyExtractor={[Function]}
  maxToRenderPerBatch={10}
  onContentSizeChange={[Function]}
  onEndReachedThreshold={2}
  onLayout={[Function]}
  onMomentumScrollEnd={[Function]}
  onScroll={[Function]}
  onScrollBeginDrag={[Function]}
  onScrollEndDrag={[Function]}
  removeClippedSubviews={false}
  renderItem={[Function]}
  scrollEventThrottle={50}
  stickyHeaderIndices={Array []}
  updateCellsBatchingPeriod={50}
  viewabilityConfigCallbackPairs={Array []}
  windowSize={21}
>
  <View>
    <View
      onLayout={[Function]}
      style={null}
    >
      <Text>
        Sweatshirt1
      </Text>
    </View>
    <View
      onLayout={[Function]}
      style={null}
    >
      <Text>
        Sweatshirt2
      </Text>
    </View>
    <View
      onLayout={[Function]}
      style={null}
    >
      <Text>
        Sweatshirt3
      </Text>
    </View>
  </View>
</RCTScrollView>
`;
